2025-06-09 02:38:53,799 - INFO - Created The artifacts\raw
2025-06-09 02:38:54,214 - INFO - Downloaded the data from C:\Users\PC\.cache\kagglehub\datasets\issaisasank\guns-object-detection\versions\1
2025-06-09 02:38:54,214 - INFO - Images folder does't exist
2025-06-09 02:38:54,214 - INFO - Labels folder does't exist
2025-06-09 02:39:56,553 - INFO - Created The artifacts\raw
2025-06-09 02:39:56,976 - INFO - Downloaded the data from C:\Users\PC\.cache\kagglehub\datasets\issaisasank\guns-object-detection\versions\1
2025-06-09 02:39:56,977 - INFO - Images folder does't exist
2025-06-09 02:39:56,977 - INFO - Labels folder does't exist
2025-06-09 02:40:19,846 - INFO - Downloaded the data from C:\Users\PC\.cache\kagglehub\datasets\issaisasank\guns-object-detection\versions\1
2025-06-09 02:40:19,847 - ERROR - Error While Extracting...
2025-06-09 02:40:19,847 - ERROR - Error While Downloading the dataset...
2025-06-09 02:40:19,847 - ERROR - Error While DataIngestion Pipeline...
2025-06-09 02:40:52,429 - INFO - Created The artifacts\raw
2025-06-09 02:40:52,816 - INFO - Downloaded the data from C:\Users\PC\.cache\kagglehub\datasets\issaisasank\guns-object-detection\versions\1
2025-06-09 02:40:54,461 - INFO - Images Moved Successfully ..
2025-06-09 02:40:56,240 - INFO - Labels Moved Successfully ..
2025-06-09 02:42:36,482 - INFO - Using device: cpu
2025-06-09 02:42:36,484 - INFO - Initializing model with 2 classes on cpu
2025-06-09 02:42:36,861 - INFO - Model Architecture Intialized...
2025-06-09 02:42:36,862 - INFO - Model successfully moved to device
2025-06-09 02:42:36,862 - INFO - Optimizer initialized with learning rate: 0.0001
2025-06-09 02:42:36,862 - INFO - Initializing GunDataset with root directory: artifacts/raw
2025-06-09 02:42:36,862 - ERROR - Images directory not found: artifacts/raw\Images
2025-06-09 02:42:36,862 - ERROR - Failed to initialize dataset: Images directory not found: artifacts/raw\Images
Traceback (most recent call last):
  File "E:\CODES\MLOps_Udemy\Section_4_Guns_object_detection\Content\src\data_processing.py", line 22, in __init__
    raise FileNotFoundError(f"Images directory not found: {self.images_path}")
FileNotFoundError: Images directory not found: artifacts/raw\Images
2025-06-09 02:42:36,862 - ERROR - Error during dataset splitting
Traceback (most recent call last):
  File "E:\CODES\MLOps_Udemy\Section_4_Guns_object_detection\Content\src\data_processing.py", line 22, in __init__
    raise FileNotFoundError(f"Images directory not found: {self.images_path}")
FileNotFoundError: Images directory not found: artifacts/raw\Images

During handling of the above exception, another exception occurred:

Traceback (most recent call last):
  File "E:\CODES\MLOps_Udemy\Section_4_Guns_object_detection\Content\src\model_training.py", line 56, in split_dataset
    dataset = GunDataset(self.dataset_path)
              ^^^^^^^^^^^^^^^^^^^^^^^^^^^^^
  File "E:\CODES\MLOps_Udemy\Section_4_Guns_object_detection\Content\src\data_processing.py", line 33, in __init__
    raise CustomException("Dataset initialization failed", e)
src.custome_exception.CustomException: Error in E:\CODES\MLOps_Udemy\Section_4_Guns_object_detection\Content\src\data_processing.py , line 22 : Dataset initialization failed
2025-06-09 02:42:36,862 - ERROR - Failed during training
Traceback (most recent call last):
  File "E:\CODES\MLOps_Udemy\Section_4_Guns_object_detection\Content\src\data_processing.py", line 22, in __init__
    raise FileNotFoundError(f"Images directory not found: {self.images_path}")
FileNotFoundError: Images directory not found: artifacts/raw\Images

During handling of the above exception, another exception occurred:

Traceback (most recent call last):
  File "E:\CODES\MLOps_Udemy\Section_4_Guns_object_detection\Content\src\model_training.py", line 56, in split_dataset
    dataset = GunDataset(self.dataset_path)
              ^^^^^^^^^^^^^^^^^^^^^^^^^^^^^
  File "E:\CODES\MLOps_Udemy\Section_4_Guns_object_detection\Content\src\data_processing.py", line 33, in __init__
    raise CustomException("Dataset initialization failed", e)
src.custome_exception.CustomException: Error in E:\CODES\MLOps_Udemy\Section_4_Guns_object_detection\Content\src\data_processing.py , line 22 : Dataset initialization failed

During handling of the above exception, another exception occurred:

Traceback (most recent call last):
  File "E:\CODES\MLOps_Udemy\Section_4_Guns_object_detection\Content\src\model_training.py", line 75, in train
    train_loader, val_loader = self.split_dataset()
                               ^^^^^^^^^^^^^^^^^^^^
  File "E:\CODES\MLOps_Udemy\Section_4_Guns_object_detection\Content\src\model_training.py", line 71, in split_dataset
    raise CustomException("Error while splitting data.", e)
src.custome_exception.CustomException: Error in E:\CODES\MLOps_Udemy\Section_4_Guns_object_detection\Content\src\model_training.py , line 56 : Error while splitting data.
2025-06-09 02:43:10,170 - INFO - Downloaded the data from C:\Users\PC\.cache\kagglehub\datasets\issaisasank\guns-object-detection\versions\1
2025-06-09 02:43:10,170 - ERROR - Error While Extracting...
2025-06-09 02:43:10,170 - ERROR - Error While Downloading the dataset...
2025-06-09 02:43:10,170 - ERROR - Error While DataIngestion Pipeline...
2025-06-09 02:43:50,048 - INFO - Downloaded the data from C:\Users\PC\.cache\kagglehub\datasets\issaisasank\guns-object-detection\versions\1
2025-06-09 02:43:50,048 - ERROR - Error While Extracting...
2025-06-09 02:43:50,048 - ERROR - Error While Downloading the dataset...
2025-06-09 02:43:50,048 - ERROR - Error While DataIngestion Pipeline...
2025-06-09 02:44:16,843 - INFO - Using device: cpu
2025-06-09 02:44:16,845 - INFO - Initializing model with 2 classes on cpu
2025-06-09 02:44:17,194 - INFO - Model Architecture Intialized...
2025-06-09 02:44:17,195 - INFO - Model successfully moved to device
2025-06-09 02:44:17,195 - INFO - Optimizer initialized with learning rate: 0.0001
2025-06-09 02:44:17,195 - INFO - Initializing GunDataset with root directory: artifacts/raw
2025-06-09 02:44:17,195 - ERROR - Images directory not found: artifacts/raw\Images
2025-06-09 02:44:17,195 - ERROR - Failed to initialize dataset: Images directory not found: artifacts/raw\Images
Traceback (most recent call last):
  File "E:\CODES\MLOps_Udemy\Section_4_Guns_object_detection\Content\src\data_processing.py", line 22, in __init__
    raise FileNotFoundError(f"Images directory not found: {self.images_path}")
FileNotFoundError: Images directory not found: artifacts/raw\Images
2025-06-09 02:44:17,196 - ERROR - Error during dataset splitting
Traceback (most recent call last):
  File "E:\CODES\MLOps_Udemy\Section_4_Guns_object_detection\Content\src\data_processing.py", line 22, in __init__
    raise FileNotFoundError(f"Images directory not found: {self.images_path}")
FileNotFoundError: Images directory not found: artifacts/raw\Images

During handling of the above exception, another exception occurred:

Traceback (most recent call last):
  File "E:\CODES\MLOps_Udemy\Section_4_Guns_object_detection\Content\src\model_training.py", line 56, in split_dataset
    dataset = GunDataset(self.dataset_path)
              ^^^^^^^^^^^^^^^^^^^^^^^^^^^^^
  File "E:\CODES\MLOps_Udemy\Section_4_Guns_object_detection\Content\src\data_processing.py", line 33, in __init__
    raise CustomException("Dataset initialization failed", e)
src.custome_exception.CustomException: Error in E:\CODES\MLOps_Udemy\Section_4_Guns_object_detection\Content\src\data_processing.py , line 22 : Dataset initialization failed
2025-06-09 02:44:17,196 - ERROR - Failed during training
Traceback (most recent call last):
  File "E:\CODES\MLOps_Udemy\Section_4_Guns_object_detection\Content\src\data_processing.py", line 22, in __init__
    raise FileNotFoundError(f"Images directory not found: {self.images_path}")
FileNotFoundError: Images directory not found: artifacts/raw\Images

During handling of the above exception, another exception occurred:

Traceback (most recent call last):
  File "E:\CODES\MLOps_Udemy\Section_4_Guns_object_detection\Content\src\model_training.py", line 56, in split_dataset
    dataset = GunDataset(self.dataset_path)
              ^^^^^^^^^^^^^^^^^^^^^^^^^^^^^
  File "E:\CODES\MLOps_Udemy\Section_4_Guns_object_detection\Content\src\data_processing.py", line 33, in __init__
    raise CustomException("Dataset initialization failed", e)
src.custome_exception.CustomException: Error in E:\CODES\MLOps_Udemy\Section_4_Guns_object_detection\Content\src\data_processing.py , line 22 : Dataset initialization failed

During handling of the above exception, another exception occurred:

Traceback (most recent call last):
  File "E:\CODES\MLOps_Udemy\Section_4_Guns_object_detection\Content\src\model_training.py", line 75, in train
    train_loader, val_loader = self.split_dataset()
                               ^^^^^^^^^^^^^^^^^^^^
  File "E:\CODES\MLOps_Udemy\Section_4_Guns_object_detection\Content\src\model_training.py", line 71, in split_dataset
    raise CustomException("Error while splitting data.", e)
src.custome_exception.CustomException: Error in E:\CODES\MLOps_Udemy\Section_4_Guns_object_detection\Content\src\model_training.py , line 56 : Error while splitting data.
2025-06-09 02:45:27,923 - INFO - Downloaded the data from C:\Users\PC\.cache\kagglehub\datasets\issaisasank\guns-object-detection\versions\1
2025-06-09 02:45:27,924 - ERROR - Error While Extracting...
2025-06-09 02:45:27,924 - ERROR - Error While Downloading the dataset...
2025-06-09 02:45:27,924 - ERROR - Error While DataIngestion Pipeline...
2025-06-09 02:46:05,189 - INFO - Created The artifacts\raw
2025-06-09 02:46:07,692 - INFO - Downloaded the data from C:\Users\PC\.cache\kagglehub\datasets\issaisasank\guns-object-detection\versions\1
2025-06-09 02:46:08,905 - INFO - Images Moved Successfully ..
2025-06-09 02:46:09,996 - INFO - Labels Moved Successfully ..
2025-06-09 02:48:22,534 - INFO - Using device: cpu
2025-06-09 02:48:22,535 - INFO - Initializing model with 2 classes on cpu
2025-06-09 02:48:22,861 - INFO - Model Architecture Intialized...
2025-06-09 02:48:22,863 - INFO - Model successfully moved to device
2025-06-09 02:48:22,863 - INFO - Optimizer initialized with learning rate: 0.0001
2025-06-09 02:48:22,863 - INFO - Initializing GunDataset with root directory: artifacts/raw
2025-06-09 02:48:22,863 - INFO - Successfully initialized dataset with 333 images
2025-06-09 02:48:22,863 - INFO - Total dataset size: 333
2025-06-09 02:48:22,863 - INFO - Splitting dataset into 266 training and 67 validation samples
2025-06-09 02:48:22,865 - INFO - Dataset split successfully
2025-06-09 02:48:22,865 - INFO - 
===== Starting Epoch 1/10 =====
2025-06-09 02:49:18,792 - INFO - Using device: cpu
2025-06-09 02:49:18,795 - INFO - Initializing model with 2 classes on cpu
2025-06-09 02:49:19,147 - INFO - Model Architecture Intialized...
2025-06-09 02:49:19,148 - INFO - Model successfully moved to device
2025-06-09 02:49:19,148 - INFO - Optimizer initialized with learning rate: 0.0001
2025-06-09 02:49:19,148 - INFO - Initializing GunDataset with root directory: artifacts/raw
2025-06-09 02:49:19,148 - INFO - Successfully initialized dataset with 333 images
2025-06-09 02:49:19,149 - INFO - Total dataset size: 333
2025-06-09 02:49:19,149 - INFO - Splitting dataset into 266 training and 67 validation samples
2025-06-09 02:49:19,149 - INFO - Dataset split successfully
2025-06-09 02:49:19,149 - INFO - 
===== Starting Epoch 1/10 =====
2025-06-09 02:56:21,911 - INFO - Using device: cuda
2025-06-09 02:56:21,911 - INFO - Initializing model with 2 classes on cuda
2025-06-09 02:56:22,424 - INFO - Model Architecture Intialized...
2025-06-09 02:56:22,424 - INFO - Model successfully moved to device
2025-06-09 02:56:22,426 - INFO - Optimizer initialized with learning rate: 0.0001
2025-06-09 02:56:22,426 - INFO - Initializing GunDataset with root directory: artifacts/raw
2025-06-09 02:56:22,426 - INFO - Successfully initialized dataset with 333 images
2025-06-09 02:56:22,426 - INFO - Total dataset size: 333
2025-06-09 02:56:22,426 - INFO - Splitting dataset into 266 training and 67 validation samples
2025-06-09 02:56:22,426 - INFO - Dataset split successfully
2025-06-09 02:56:22,426 - INFO - 
===== Starting Epoch 1/10 =====
2025-06-09 02:58:01,961 - INFO - Epoch 1 - Avg Training Loss: 0.2588
2025-06-09 02:58:09,192 - INFO - Epoch 1 - Avg Validation Loss: 0.2129
2025-06-09 02:58:09,563 - INFO - Model checkpoint saved to: artifacts/models\fasterrcnn_epoch1.pth
2025-06-09 02:58:09,563 - INFO - Epoch 1 completed in 107.14 seconds

2025-06-09 02:58:09,563 - INFO - 
===== Starting Epoch 2/10 =====
2025-06-09 02:59:38,941 - INFO - Epoch 2 - Avg Training Loss: 0.2112
2025-06-09 02:59:45,808 - INFO - Epoch 2 - Avg Validation Loss: 0.1893
2025-06-09 02:59:46,202 - INFO - Model checkpoint saved to: artifacts/models\fasterrcnn_epoch2.pth
2025-06-09 02:59:46,202 - INFO - Epoch 2 completed in 96.64 seconds

2025-06-09 02:59:46,202 - INFO - 
===== Starting Epoch 3/10 =====
2025-06-09 03:01:20,123 - INFO - Epoch 3 - Avg Training Loss: 0.1697
2025-06-09 03:01:27,044 - INFO - Epoch 3 - Avg Validation Loss: 0.1805
2025-06-09 03:01:27,389 - INFO - Model checkpoint saved to: artifacts/models\fasterrcnn_epoch3.pth
2025-06-09 03:01:27,389 - INFO - Epoch 3 completed in 101.19 seconds

2025-06-09 03:01:27,389 - INFO - 
===== Starting Epoch 4/10 =====
2025-06-09 03:02:58,127 - INFO - Epoch 4 - Avg Training Loss: 0.1458
2025-06-09 03:03:05,056 - INFO - Epoch 4 - Avg Validation Loss: 0.1821
2025-06-09 03:03:05,421 - INFO - Model checkpoint saved to: artifacts/models\fasterrcnn_epoch4.pth
2025-06-09 03:03:05,421 - INFO - Epoch 4 completed in 98.03 seconds

2025-06-09 03:03:05,421 - INFO - 
===== Starting Epoch 5/10 =====
2025-06-09 03:04:33,813 - INFO - Epoch 5 - Avg Training Loss: 0.1202
2025-06-09 03:04:40,812 - INFO - Epoch 5 - Avg Validation Loss: 0.1866
2025-06-09 03:04:41,193 - INFO - Model checkpoint saved to: artifacts/models\fasterrcnn_epoch5.pth
2025-06-09 03:04:41,193 - INFO - Epoch 5 completed in 95.77 seconds

2025-06-09 03:04:41,193 - INFO - 
===== Starting Epoch 6/10 =====
2025-06-09 03:06:10,100 - INFO - Epoch 6 - Avg Training Loss: 0.1126
2025-06-09 03:06:17,083 - INFO - Epoch 6 - Avg Validation Loss: 0.1776
2025-06-09 03:06:17,480 - INFO - Model checkpoint saved to: artifacts/models\fasterrcnn_epoch6.pth
2025-06-09 03:06:17,480 - INFO - Epoch 6 completed in 96.29 seconds

2025-06-09 03:06:17,480 - INFO - 
===== Starting Epoch 7/10 =====
2025-06-09 03:07:49,965 - INFO - Epoch 7 - Avg Training Loss: 0.0936
2025-06-09 03:07:56,925 - INFO - Epoch 7 - Avg Validation Loss: 0.1611
2025-06-09 03:07:57,269 - INFO - Model checkpoint saved to: artifacts/models\fasterrcnn_epoch7.pth
2025-06-09 03:07:57,269 - INFO - Epoch 7 completed in 99.79 seconds

2025-06-09 03:07:57,269 - INFO - 
===== Starting Epoch 8/10 =====
2025-06-09 03:09:21,261 - INFO - Epoch 8 - Avg Training Loss: 0.0827
2025-06-09 03:09:28,541 - INFO - Epoch 8 - Avg Validation Loss: 0.1694
2025-06-09 03:09:28,927 - INFO - Model checkpoint saved to: artifacts/models\fasterrcnn_epoch8.pth
2025-06-09 03:09:28,927 - INFO - Epoch 8 completed in 91.66 seconds

2025-06-09 03:09:28,927 - INFO - 
===== Starting Epoch 9/10 =====
2025-06-09 03:11:03,437 - INFO - Epoch 9 - Avg Training Loss: 0.0785
2025-06-09 03:11:10,937 - INFO - Epoch 9 - Avg Validation Loss: 0.1732
2025-06-09 03:11:11,301 - INFO - Model checkpoint saved to: artifacts/models\fasterrcnn_epoch9.pth
2025-06-09 03:11:11,301 - INFO - Epoch 9 completed in 102.37 seconds

2025-06-09 03:11:11,301 - INFO - 
===== Starting Epoch 10/10 =====
2025-06-09 03:12:47,400 - INFO - Epoch 10 - Avg Training Loss: 0.0830
2025-06-09 03:12:54,785 - INFO - Epoch 10 - Avg Validation Loss: 0.1648
2025-06-09 03:12:55,172 - INFO - Model checkpoint saved to: artifacts/models\fasterrcnn_epoch10.pth
2025-06-09 03:12:55,172 - INFO - Epoch 10 completed in 103.87 seconds

2025-06-09 13:04:47,497 - INFO - Using device: cuda
2025-06-09 13:04:47,497 - INFO - Initializing model with 2 classes on cuda
2025-06-09 13:04:48,230 - INFO - Model Architecture Intialized...
2025-06-09 13:04:48,230 - INFO - Model successfully moved to device
2025-06-09 13:04:48,230 - INFO - Optimizer initialized with learning rate: 0.0001
2025-06-09 13:04:48,230 - INFO - Initializing GunDataset with root directory: artifacts/raw
2025-06-09 13:04:48,230 - INFO - Successfully initialized dataset with 333 images
2025-06-09 13:04:48,230 - INFO - Total dataset size: 333
2025-06-09 13:04:48,230 - INFO - Splitting dataset into 266 training and 67 validation samples
2025-06-09 13:04:48,270 - INFO - Dataset split successfully
2025-06-09 13:04:48,270 - INFO - 
===== Starting Epoch 1/40 =====
2025-06-09 13:06:25,895 - INFO - Epoch 1 - Avg Training Loss: 0.2581
2025-06-09 13:06:41,653 - INFO - Epoch 1 - Avg Validation Loss: 0.2364
2025-06-09 13:06:42,024 - INFO - Model checkpoint saved to: artifacts/models\fasterrcnn_epoch1.pth
2025-06-09 13:06:42,024 - INFO - Epoch 1 completed in 113.75 seconds

2025-06-09 13:06:42,024 - INFO - 
===== Starting Epoch 2/40 =====
2025-06-09 13:08:19,653 - INFO - Epoch 2 - Avg Training Loss: 0.1988
2025-06-09 13:08:34,884 - INFO - Epoch 2 - Avg Validation Loss: 0.2199
2025-06-09 13:08:35,242 - INFO - Model checkpoint saved to: artifacts/models\fasterrcnn_epoch2.pth
2025-06-09 13:08:35,242 - INFO - Epoch 2 completed in 113.22 seconds

2025-06-09 13:08:35,242 - INFO - 
===== Starting Epoch 3/40 =====
2025-06-09 13:10:06,805 - INFO - Epoch 3 - Avg Training Loss: 0.1564
2025-06-09 13:10:22,116 - INFO - Epoch 3 - Avg Validation Loss: 0.2033
2025-06-09 13:10:22,462 - INFO - Model checkpoint saved to: artifacts/models\fasterrcnn_epoch3.pth
2025-06-09 13:10:22,462 - INFO - Epoch 3 completed in 107.22 seconds

2025-06-09 13:10:22,462 - INFO - 
===== Starting Epoch 4/40 =====
2025-06-09 13:11:57,238 - INFO - Epoch 4 - Avg Training Loss: 0.1324
2025-06-09 13:12:12,524 - INFO - Epoch 4 - Avg Validation Loss: 0.2121
2025-06-09 13:12:12,854 - INFO - Model checkpoint saved to: artifacts/models\fasterrcnn_epoch4.pth
2025-06-09 13:12:12,854 - INFO - Epoch 4 completed in 110.39 seconds

2025-06-09 13:12:12,854 - INFO - 
===== Starting Epoch 5/40 =====
2025-06-09 13:13:53,528 - INFO - Epoch 5 - Avg Training Loss: 0.1198
2025-06-09 13:14:08,419 - INFO - Epoch 5 - Avg Validation Loss: 0.2466
2025-06-09 13:14:08,782 - INFO - Model checkpoint saved to: artifacts/models\fasterrcnn_epoch5.pth
2025-06-09 13:14:08,782 - INFO - Epoch 5 completed in 115.93 seconds

2025-06-09 13:14:08,782 - INFO - 
===== Starting Epoch 6/40 =====
2025-06-09 13:15:42,626 - INFO - Epoch 6 - Avg Training Loss: 0.1045
2025-06-09 13:15:57,650 - INFO - Epoch 6 - Avg Validation Loss: 0.2309
2025-06-09 13:15:58,015 - INFO - Model checkpoint saved to: artifacts/models\fasterrcnn_epoch6.pth
2025-06-09 13:15:58,015 - INFO - Epoch 6 completed in 109.23 seconds

2025-06-09 13:15:58,015 - INFO - 
===== Starting Epoch 7/40 =====
2025-06-09 13:17:33,700 - INFO - Epoch 7 - Avg Training Loss: 0.0948
2025-06-09 13:17:49,068 - INFO - Epoch 7 - Avg Validation Loss: 0.2360
2025-06-09 13:17:49,408 - INFO - Model checkpoint saved to: artifacts/models\fasterrcnn_epoch7.pth
2025-06-09 13:17:49,408 - INFO - Epoch 7 completed in 111.39 seconds

2025-06-09 13:17:49,408 - INFO - 
===== Starting Epoch 8/40 =====
2025-06-09 13:19:28,014 - INFO - Epoch 8 - Avg Training Loss: 0.0957
2025-06-09 13:19:43,154 - INFO - Epoch 8 - Avg Validation Loss: 0.2267
2025-06-09 13:19:43,498 - INFO - Model checkpoint saved to: artifacts/models\fasterrcnn_epoch8.pth
2025-06-09 13:19:43,498 - INFO - Epoch 8 completed in 114.09 seconds

2025-06-09 13:19:43,498 - INFO - 
===== Starting Epoch 9/40 =====
2025-06-09 13:21:21,428 - INFO - Epoch 9 - Avg Training Loss: 0.0846
2025-06-09 13:21:36,700 - INFO - Epoch 9 - Avg Validation Loss: 0.2587
2025-06-09 13:21:37,069 - INFO - Model checkpoint saved to: artifacts/models\fasterrcnn_epoch9.pth
2025-06-09 13:21:37,069 - INFO - Epoch 9 completed in 113.57 seconds

2025-06-09 13:21:37,069 - INFO - 
===== Starting Epoch 10/40 =====
2025-06-09 13:23:18,058 - INFO - Epoch 10 - Avg Training Loss: 0.0817
2025-06-09 13:23:33,414 - INFO - Epoch 10 - Avg Validation Loss: 0.2153
2025-06-09 13:23:33,771 - INFO - Model checkpoint saved to: artifacts/models\fasterrcnn_epoch10.pth
2025-06-09 13:23:33,771 - INFO - Epoch 10 completed in 116.70 seconds

2025-06-09 13:23:33,771 - INFO - 
===== Starting Epoch 11/40 =====
2025-06-09 13:25:12,982 - INFO - Epoch 11 - Avg Training Loss: 0.0745
2025-06-09 13:25:28,512 - INFO - Epoch 11 - Avg Validation Loss: 0.2549
2025-06-09 13:25:28,888 - INFO - Model checkpoint saved to: artifacts/models\fasterrcnn_epoch11.pth
2025-06-09 13:25:28,888 - INFO - Epoch 11 completed in 115.12 seconds

2025-06-09 13:25:28,888 - INFO - 
===== Starting Epoch 12/40 =====
2025-06-09 13:27:07,702 - INFO - Epoch 12 - Avg Training Loss: 0.0680
2025-06-09 13:27:23,208 - INFO - Epoch 12 - Avg Validation Loss: 0.2413
2025-06-09 13:27:23,595 - INFO - Model checkpoint saved to: artifacts/models\fasterrcnn_epoch12.pth
2025-06-09 13:27:23,595 - INFO - Epoch 12 completed in 114.71 seconds

2025-06-09 13:27:23,595 - INFO - 
===== Starting Epoch 13/40 =====
2025-06-09 13:28:59,867 - INFO - Epoch 13 - Avg Training Loss: 0.0593
2025-06-09 13:29:15,052 - INFO - Epoch 13 - Avg Validation Loss: 0.2419
2025-06-09 13:29:15,394 - INFO - Model checkpoint saved to: artifacts/models\fasterrcnn_epoch13.pth
2025-06-09 13:29:15,394 - INFO - Epoch 13 completed in 111.80 seconds

2025-06-09 13:29:15,394 - INFO - 
===== Starting Epoch 14/40 =====
2025-06-09 13:30:47,778 - INFO - Epoch 14 - Avg Training Loss: 0.0546
2025-06-09 13:31:02,712 - INFO - Epoch 14 - Avg Validation Loss: 0.2479
2025-06-09 13:31:03,079 - INFO - Model checkpoint saved to: artifacts/models\fasterrcnn_epoch14.pth
2025-06-09 13:31:03,079 - INFO - Epoch 14 completed in 107.69 seconds

2025-06-09 13:31:03,079 - INFO - 
===== Starting Epoch 15/40 =====
2025-06-09 13:32:39,010 - INFO - Epoch 15 - Avg Training Loss: 0.0540
2025-06-09 13:32:54,440 - INFO - Epoch 15 - Avg Validation Loss: 0.2350
2025-06-09 13:32:54,790 - INFO - Model checkpoint saved to: artifacts/models\fasterrcnn_epoch15.pth
2025-06-09 13:32:54,790 - INFO - Epoch 15 completed in 111.71 seconds

2025-06-09 13:32:54,790 - INFO - 
===== Starting Epoch 16/40 =====
2025-06-09 13:34:27,879 - INFO - Epoch 16 - Avg Training Loss: 0.0504
2025-06-09 13:34:43,218 - INFO - Epoch 16 - Avg Validation Loss: 0.2475
2025-06-09 13:34:43,568 - INFO - Model checkpoint saved to: artifacts/models\fasterrcnn_epoch16.pth
2025-06-09 13:34:43,568 - INFO - Epoch 16 completed in 108.78 seconds

2025-06-09 13:34:43,568 - INFO - 
===== Starting Epoch 17/40 =====
2025-06-09 13:44:38,933 - INFO - Using device: cuda
2025-06-09 13:44:38,935 - INFO - Initializing model with 2 classes on cuda
2025-06-09 13:44:39,418 - INFO - Model Architecture Intialized...
2025-06-09 13:44:39,419 - INFO - Model successfully moved to device
2025-06-09 13:44:39,420 - INFO - Optimizer initialized with learning rate: 0.0001
2025-06-09 13:44:39,420 - INFO - Initializing GunDataset with root directory: artifacts/raw
2025-06-09 13:44:39,420 - INFO - Successfully initialized dataset with 333 images
2025-06-09 13:44:39,420 - INFO - Total dataset size: 333
2025-06-09 13:44:39,421 - INFO - Splitting dataset into 266 training and 67 validation samples
2025-06-09 13:44:39,421 - INFO - Dataset split successfully
2025-06-09 13:44:39,421 - INFO - 
===== Starting Epoch 1/25 =====
2025-06-09 13:47:43,318 - INFO - Epoch 1 - Avg Training Loss: 0.2546
2025-06-09 13:47:54,311 - INFO - Epoch 1 - Avg Validation Loss: 0.2653
2025-06-09 13:47:54,649 - INFO - Model checkpoint saved to: artifacts/models\fasterrcnn_epoch1.pth
2025-06-09 13:47:54,649 - INFO - Epoch 1 completed in 195.23 seconds

2025-06-09 13:47:54,649 - INFO - 
===== Starting Epoch 2/25 =====
2025-06-09 13:51:05,367 - INFO - Epoch 2 - Avg Training Loss: 0.1973
2025-06-09 13:51:15,749 - INFO - Epoch 2 - Avg Validation Loss: 0.2008
2025-06-09 13:51:16,153 - INFO - Model checkpoint saved to: artifacts/models\fasterrcnn_epoch2.pth
2025-06-09 13:51:16,153 - INFO - Epoch 2 completed in 201.50 seconds

2025-06-09 13:51:16,153 - INFO - 
===== Starting Epoch 3/25 =====
2025-06-09 13:54:32,397 - INFO - Epoch 3 - Avg Training Loss: 0.1664
2025-06-09 13:54:42,865 - INFO - Epoch 3 - Avg Validation Loss: 0.2057
2025-06-09 13:54:43,287 - INFO - Model checkpoint saved to: artifacts/models\fasterrcnn_epoch3.pth
2025-06-09 13:54:43,287 - INFO - Epoch 3 completed in 207.13 seconds

2025-06-09 13:54:43,287 - INFO - 
===== Starting Epoch 4/25 =====
2025-06-09 13:58:04,954 - INFO - Epoch 4 - Avg Training Loss: 0.1370
2025-06-09 13:58:16,490 - INFO - Epoch 4 - Avg Validation Loss: 0.2164
2025-06-09 13:58:16,824 - INFO - Model checkpoint saved to: artifacts/models\fasterrcnn_epoch4.pth
2025-06-09 13:58:16,824 - INFO - Epoch 4 completed in 213.54 seconds

2025-06-09 13:58:16,824 - INFO - 
===== Starting Epoch 5/25 =====
2025-06-09 14:01:29,012 - INFO - Epoch 5 - Avg Training Loss: 0.1119
2025-06-09 14:01:40,470 - INFO - Epoch 5 - Avg Validation Loss: 0.2023
2025-06-09 14:01:40,856 - INFO - Model checkpoint saved to: artifacts/models\fasterrcnn_epoch5.pth
2025-06-09 14:01:40,856 - INFO - Epoch 5 completed in 204.03 seconds

2025-06-09 14:01:40,856 - INFO - 
===== Starting Epoch 6/25 =====
2025-06-09 14:04:59,455 - INFO - Epoch 6 - Avg Training Loss: 0.0982
2025-06-09 14:05:10,004 - INFO - Epoch 6 - Avg Validation Loss: 0.2017
2025-06-09 14:05:10,396 - INFO - Model checkpoint saved to: artifacts/models\fasterrcnn_epoch6.pth
2025-06-09 14:05:10,396 - INFO - Epoch 6 completed in 209.54 seconds

2025-06-09 14:05:10,396 - INFO - 
===== Starting Epoch 7/25 =====
2025-06-09 14:08:27,289 - INFO - Epoch 7 - Avg Training Loss: 0.0851
2025-06-09 14:08:37,766 - INFO - Epoch 7 - Avg Validation Loss: 0.2450
2025-06-09 14:08:38,102 - INFO - Model checkpoint saved to: artifacts/models\fasterrcnn_epoch7.pth
2025-06-09 14:08:38,102 - INFO - Epoch 7 completed in 207.71 seconds

2025-06-09 14:08:38,102 - INFO - 
===== Starting Epoch 8/25 =====
2025-06-09 14:11:52,247 - INFO - Epoch 8 - Avg Training Loss: 0.0834
2025-06-09 14:12:02,648 - INFO - Epoch 8 - Avg Validation Loss: 0.2126
2025-06-09 14:12:03,003 - INFO - Model checkpoint saved to: artifacts/models\fasterrcnn_epoch8.pth
2025-06-09 14:12:03,003 - INFO - Epoch 8 completed in 204.90 seconds

2025-06-09 14:12:03,003 - INFO - 
===== Starting Epoch 9/25 =====
2025-06-09 14:15:19,964 - INFO - Epoch 9 - Avg Training Loss: 0.0785
2025-06-09 14:15:30,485 - INFO - Epoch 9 - Avg Validation Loss: 0.2127
2025-06-09 14:15:30,832 - INFO - Model checkpoint saved to: artifacts/models\fasterrcnn_epoch9.pth
2025-06-09 14:15:30,832 - INFO - Epoch 9 completed in 207.83 seconds

2025-06-09 14:15:30,832 - INFO - 
===== Starting Epoch 10/25 =====
2025-06-09 14:18:57,179 - INFO - Epoch 10 - Avg Training Loss: 0.0735
2025-06-09 14:19:07,668 - INFO - Epoch 10 - Avg Validation Loss: 0.2234
2025-06-09 14:19:08,034 - INFO - Model checkpoint saved to: artifacts/models\fasterrcnn_epoch10.pth
2025-06-09 14:19:08,034 - INFO - Epoch 10 completed in 217.20 seconds

2025-06-09 14:19:08,034 - INFO - 
===== Starting Epoch 11/25 =====
2025-06-09 14:22:14,534 - INFO - Epoch 11 - Avg Training Loss: 0.0675
2025-06-09 14:22:25,768 - INFO - Epoch 11 - Avg Validation Loss: 0.1946
2025-06-09 14:22:26,122 - INFO - Model checkpoint saved to: artifacts/models\fasterrcnn_epoch11.pth
2025-06-09 14:22:26,122 - INFO - Epoch 11 completed in 198.09 seconds

2025-06-09 14:22:26,122 - INFO - 
===== Starting Epoch 12/25 =====
2025-06-09 14:25:46,264 - INFO - Epoch 12 - Avg Training Loss: 0.0665
2025-06-09 14:25:58,588 - INFO - Epoch 12 - Avg Validation Loss: 0.2027
2025-06-09 14:25:58,937 - INFO - Model checkpoint saved to: artifacts/models\fasterrcnn_epoch12.pth
2025-06-09 14:25:58,937 - INFO - Epoch 12 completed in 212.82 seconds

2025-06-09 14:25:58,937 - INFO - 
===== Starting Epoch 13/25 =====
2025-06-09 14:29:22,396 - INFO - Epoch 13 - Avg Training Loss: 0.0601
2025-06-09 14:29:32,774 - INFO - Epoch 13 - Avg Validation Loss: 0.2142
2025-06-09 14:29:33,154 - INFO - Model checkpoint saved to: artifacts/models\fasterrcnn_epoch13.pth
2025-06-09 14:29:33,154 - INFO - Epoch 13 completed in 214.22 seconds

2025-06-09 14:29:33,154 - INFO - 
===== Starting Epoch 14/25 =====
2025-06-09 14:32:47,197 - INFO - Epoch 14 - Avg Training Loss: 0.0550
2025-06-09 14:32:57,588 - INFO - Epoch 14 - Avg Validation Loss: 0.2253
2025-06-09 14:32:57,947 - INFO - Model checkpoint saved to: artifacts/models\fasterrcnn_epoch14.pth
2025-06-09 14:32:57,947 - INFO - Epoch 14 completed in 204.79 seconds

2025-06-09 14:32:57,947 - INFO - 
===== Starting Epoch 15/25 =====
2025-06-09 14:36:17,129 - INFO - Epoch 15 - Avg Training Loss: 0.0495
2025-06-09 14:36:28,199 - INFO - Epoch 15 - Avg Validation Loss: 0.2079
2025-06-09 14:36:28,550 - INFO - Model checkpoint saved to: artifacts/models\fasterrcnn_epoch15.pth
2025-06-09 14:36:28,550 - INFO - Epoch 15 completed in 210.60 seconds

2025-06-09 14:36:28,550 - INFO - 
===== Starting Epoch 16/25 =====
2025-06-09 14:39:49,642 - INFO - Epoch 16 - Avg Training Loss: 0.0532
2025-06-09 14:40:00,216 - INFO - Epoch 16 - Avg Validation Loss: 0.2638
2025-06-09 14:40:00,649 - INFO - Model checkpoint saved to: artifacts/models\fasterrcnn_epoch16.pth
2025-06-09 14:40:00,649 - INFO - Epoch 16 completed in 212.10 seconds

2025-06-09 14:40:00,649 - INFO - 
===== Starting Epoch 17/25 =====
2025-06-09 14:43:17,256 - INFO - Epoch 17 - Avg Training Loss: 0.0490
2025-06-09 14:43:27,624 - INFO - Epoch 17 - Avg Validation Loss: 0.2210
2025-06-09 14:43:27,967 - INFO - Model checkpoint saved to: artifacts/models\fasterrcnn_epoch17.pth
2025-06-09 14:43:27,967 - INFO - Epoch 17 completed in 207.32 seconds

2025-06-09 14:43:27,967 - INFO - 
===== Starting Epoch 18/25 =====
2025-06-09 14:46:38,737 - INFO - Epoch 18 - Avg Training Loss: 0.0466
2025-06-09 14:46:49,699 - INFO - Epoch 18 - Avg Validation Loss: 0.2370
2025-06-09 14:46:50,077 - INFO - Model checkpoint saved to: artifacts/models\fasterrcnn_epoch18.pth
2025-06-09 14:46:50,077 - INFO - Epoch 18 completed in 202.11 seconds

2025-06-09 14:46:50,077 - INFO - 
===== Starting Epoch 19/25 =====
2025-06-09 14:50:07,627 - INFO - Epoch 19 - Avg Training Loss: 0.0455
2025-06-09 14:50:18,344 - INFO - Epoch 19 - Avg Validation Loss: 0.2363
2025-06-09 14:50:18,708 - INFO - Model checkpoint saved to: artifacts/models\fasterrcnn_epoch19.pth
2025-06-09 14:50:18,708 - INFO - Epoch 19 completed in 208.63 seconds

2025-06-09 14:50:18,708 - INFO - 
===== Starting Epoch 20/25 =====
2025-06-09 14:53:36,253 - INFO - Epoch 20 - Avg Training Loss: 0.0440
2025-06-09 14:53:48,281 - INFO - Epoch 20 - Avg Validation Loss: 0.2133
2025-06-09 14:53:48,639 - INFO - Model checkpoint saved to: artifacts/models\fasterrcnn_epoch20.pth
2025-06-09 14:53:48,639 - INFO - Epoch 20 completed in 209.93 seconds

2025-06-09 14:53:48,639 - INFO - 
===== Starting Epoch 21/25 =====
2025-06-09 14:57:08,020 - INFO - Epoch 21 - Avg Training Loss: 0.0410
2025-06-09 14:57:18,616 - INFO - Epoch 21 - Avg Validation Loss: 0.2688
2025-06-09 14:57:18,972 - INFO - Model checkpoint saved to: artifacts/models\fasterrcnn_epoch21.pth
2025-06-09 14:57:18,972 - INFO - Epoch 21 completed in 210.33 seconds

2025-06-09 14:57:18,972 - INFO - 
===== Starting Epoch 22/25 =====
2025-06-09 15:00:48,901 - INFO - Epoch 22 - Avg Training Loss: 0.0417
2025-06-09 15:00:59,292 - INFO - Epoch 22 - Avg Validation Loss: 0.2439
2025-06-09 15:00:59,772 - INFO - Model checkpoint saved to: artifacts/models\fasterrcnn_epoch22.pth
2025-06-09 15:00:59,774 - INFO - Epoch 22 completed in 220.80 seconds

2025-06-09 15:00:59,774 - INFO - 
===== Starting Epoch 23/25 =====
2025-06-09 15:04:21,891 - INFO - Epoch 23 - Avg Training Loss: 0.0424
2025-06-09 15:04:32,348 - INFO - Epoch 23 - Avg Validation Loss: 0.2524
2025-06-09 15:04:32,707 - INFO - Model checkpoint saved to: artifacts/models\fasterrcnn_epoch23.pth
2025-06-09 15:04:32,707 - INFO - Epoch 23 completed in 212.93 seconds

2025-06-09 15:04:32,707 - INFO - 
===== Starting Epoch 24/25 =====
2025-06-09 15:08:05,026 - INFO - Epoch 24 - Avg Training Loss: 0.0395
2025-06-09 15:08:15,525 - INFO - Epoch 24 - Avg Validation Loss: 0.2314
2025-06-09 15:08:15,884 - INFO - Model checkpoint saved to: artifacts/models\fasterrcnn_epoch24.pth
2025-06-09 15:08:15,884 - INFO - Epoch 24 completed in 223.18 seconds

2025-06-09 15:08:15,893 - INFO - 
===== Starting Epoch 25/25 =====
2025-06-09 15:11:40,781 - INFO - Epoch 25 - Avg Training Loss: 0.0389
2025-06-09 15:11:51,233 - INFO - Epoch 25 - Avg Validation Loss: 0.2526
2025-06-09 15:11:51,605 - INFO - Model checkpoint saved to: artifacts/models\fasterrcnn_epoch25.pth
2025-06-09 15:11:51,605 - INFO - Epoch 25 completed in 215.71 seconds

